// Jest Snapshot v1, https://goo.gl/fbAQLP

exports[`SegmentedControl should render correctly in dark 1`] = `
<View
  style={
    [
      {
        "borderRadius": 100,
        "flex": 1,
        "flexDirection": "row",
        "minHeight": 44,
      },
      {
        "backgroundColor": "#2F3036",
        "paddingLeft": 10,
        "width": 750,
      },
    ]
  }
>
  <View
    collapsable={false}
    jestAnimatedStyle={
      {
        "value": {
          "backgroundColor": "#111111",
          "left": 10,
        },
      }
    }
    style={
      {
        "backgroundColor": "#111111",
        "borderRadius": 100,
        "height": "80%",
        "left": 10,
        "position": "absolute",
        "top": "10%",
        "width": 365,
      }
    }
  />
  <View
    style={
      {
        "justifyContent": "center",
      }
    }
  >
    <View
      accessibilityLabel="Item One"
      accessibilityRole="button"
      accessibilityState={
        {
          "busy": undefined,
          "checked": undefined,
          "disabled": undefined,
          "expanded": undefined,
          "selected": undefined,
        }
      }
      accessibilityValue={
        {
          "max": undefined,
          "min": undefined,
          "now": undefined,
          "text": undefined,
        }
      }
      accessible={true}
      collapsable={false}
      focusable={true}
      onBlur={[Function]}
      onClick={[Function]}
      onFocus={[Function]}
      onResponderGrant={[Function]}
      onResponderMove={[Function]}
      onResponderRelease={[Function]}
      onResponderTerminate={[Function]}
      onResponderTerminationRequest={[Function]}
      onStartShouldSetResponder={[Function]}
      style={
        {
          "alignContent": "center",
          "alignItems": "center",
          "alignSelf": "center",
          "height": "100%",
          "justifyContent": "center",
          "width": 365,
        }
      }
    >
      <Text
        collapsable={false}
        jestAnimatedStyle={
          {
            "value": {
              "color": "black",
              "fontWeight": "bold",
            },
          }
        }
        style={
          {
            "color": "black",
            "fontFamily": "SFProText-Regular",
            "fontWeight": "bold",
          }
        }
      >
        Item One
      </Text>
    </View>
  </View>
  <View
    style={
      {
        "justifyContent": "center",
      }
    }
  >
    <View
      accessibilityLabel="Item Two"
      accessibilityRole="button"
      accessibilityState={
        {
          "busy": undefined,
          "checked": undefined,
          "disabled": undefined,
          "expanded": undefined,
          "selected": undefined,
        }
      }
      accessibilityValue={
        {
          "max": undefined,
          "min": undefined,
          "now": undefined,
          "text": undefined,
        }
      }
      accessible={true}
      collapsable={false}
      focusable={true}
      onBlur={[Function]}
      onClick={[Function]}
      onFocus={[Function]}
      onResponderGrant={[Function]}
      onResponderMove={[Function]}
      onResponderRelease={[Function]}
      onResponderTerminate={[Function]}
      onResponderTerminationRequest={[Function]}
      onStartShouldSetResponder={[Function]}
      style={
        {
          "alignContent": "center",
          "alignItems": "center",
          "alignSelf": "center",
          "height": "100%",
          "justifyContent": "center",
          "width": 365,
        }
      }
    >
      <Text
        collapsable={false}
        jestAnimatedStyle={
          {
            "value": {
              "color": "#71727A",
              "fontWeight": "normal",
            },
          }
        }
        style={
          {
            "color": "#71727A",
            "fontFamily": "SFProText-Regular",
            "fontWeight": "normal",
          }
        }
      >
        Item Two
      </Text>
    </View>
  </View>
</View>
`;

exports[`SegmentedControl should render correctly in light 1`] = `
<View
  style={
    [
      {
        "borderRadius": 100,
        "flex": 1,
        "flexDirection": "row",
        "minHeight": 44,
      },
      {
        "backgroundColor": "#2F3036",
        "paddingLeft": 10,
        "width": 750,
      },
    ]
  }
>
  <View
    collapsable={false}
    jestAnimatedStyle={
      {
        "value": {
          "backgroundColor": "#111111",
          "left": 10,
        },
      }
    }
    style={
      {
        "backgroundColor": "#111111",
        "borderRadius": 100,
        "height": "80%",
        "left": 10,
        "position": "absolute",
        "top": "10%",
        "width": 365,
      }
    }
  />
  <View
    style={
      {
        "justifyContent": "center",
      }
    }
  >
    <View
      accessibilityLabel="Item One"
      accessibilityRole="button"
      accessibilityState={
        {
          "busy": undefined,
          "checked": undefined,
          "disabled": undefined,
          "expanded": undefined,
          "selected": undefined,
        }
      }
      accessibilityValue={
        {
          "max": undefined,
          "min": undefined,
          "now": undefined,
          "text": undefined,
        }
      }
      accessible={true}
      collapsable={false}
      focusable={true}
      onBlur={[Function]}
      onClick={[Function]}
      onFocus={[Function]}
      onResponderGrant={[Function]}
      onResponderMove={[Function]}
      onResponderRelease={[Function]}
      onResponderTerminate={[Function]}
      onResponderTerminationRequest={[Function]}
      onStartShouldSetResponder={[Function]}
      style={
        {
          "alignContent": "center",
          "alignItems": "center",
          "alignSelf": "center",
          "height": "100%",
          "justifyContent": "center",
          "width": 365,
        }
      }
    >
      <Text
        collapsable={false}
        jestAnimatedStyle={
          {
            "value": {
              "color": "black",
              "fontWeight": "bold",
            },
          }
        }
        style={
          {
            "color": "black",
            "fontFamily": "SFProText-Regular",
            "fontWeight": "bold",
          }
        }
      >
        Item One
      </Text>
    </View>
  </View>
  <View
    style={
      {
        "justifyContent": "center",
      }
    }
  >
    <View
      accessibilityLabel="Item Two"
      accessibilityRole="button"
      accessibilityState={
        {
          "busy": undefined,
          "checked": undefined,
          "disabled": undefined,
          "expanded": undefined,
          "selected": undefined,
        }
      }
      accessibilityValue={
        {
          "max": undefined,
          "min": undefined,
          "now": undefined,
          "text": undefined,
        }
      }
      accessible={true}
      collapsable={false}
      focusable={true}
      onBlur={[Function]}
      onClick={[Function]}
      onFocus={[Function]}
      onResponderGrant={[Function]}
      onResponderMove={[Function]}
      onResponderRelease={[Function]}
      onResponderTerminate={[Function]}
      onResponderTerminationRequest={[Function]}
      onStartShouldSetResponder={[Function]}
      style={
        {
          "alignContent": "center",
          "alignItems": "center",
          "alignSelf": "center",
          "height": "100%",
          "justifyContent": "center",
          "width": 365,
        }
      }
    >
      <Text
        collapsable={false}
        jestAnimatedStyle={
          {
            "value": {
              "color": "#71727A",
              "fontWeight": "normal",
            },
          }
        }
        style={
          {
            "color": "#71727A",
            "fontFamily": "SFProText-Regular",
            "fontWeight": "normal",
          }
        }
      >
        Item Two
      </Text>
    </View>
  </View>
</View>
`;
